[INFO] Scanning for projects...
[INFO] 
[INFO] ------------------< com.driverental:onlinecarrental >-------------------
[INFO] Building onlinecarrental 0.0.1-SNAPSHOT
[INFO]   from pom.xml
[INFO] --------------------------------[ jar ]---------------------------------
[INFO] 
[INFO] --- clean:3.3.2:clean (default-clean) @ onlinecarrental ---
[INFO] Deleting C:\Users\gurur\OneDrive\Desktop\6thsemproject\onlinecarrental\backend\target
[INFO] 
[INFO] --- resources:3.3.1:resources (default-resources) @ onlinecarrental ---
[INFO] Copying 1 resource from src\main\resources to target\classes
[INFO] Copying 0 resource from src\main\resources to target\classes
[INFO] 
[INFO] --- compiler:3.11.0:compile (default-compile) @ onlinecarrental ---
[INFO] Changes detected - recompiling the module! :source
[INFO] Compiling 82 source files with javac [debug release 21] to target\classes
[INFO] -------------------------------------------------------------
[ERROR] COMPILATION ERROR : 
[INFO] -------------------------------------------------------------
[ERROR] /C:/Users/gurur/OneDrive/Desktop/6thsemproject/onlinecarrental/backend/src/main/java/com/driverental/onlinecarrental/service/impl/RecommendationServiceImpl.java:[397,46] ')' or ',' expected
[ERROR] /C:/Users/gurur/OneDrive/Desktop/6thsemproject/onlinecarrental/backend/src/main/java/com/driverental/onlinecarrental/model/enums/FuelType.java:[357,1] illegal start of type
[ERROR] /C:/Users/gurur/OneDrive/Desktop/6thsemproject/onlinecarrental/backend/src/main/java/com/driverental/onlinecarrental/model/enums/FuelType.java:[357,63] <identifier> expected
[INFO] 3 errors 
[INFO] -------------------------------------------------------------
[INFO] ------------------------------------------------------------------------
[INFO] BUILD FAILURE
[INFO] ------------------------------------------------------------------------
[INFO] Total time:  5.062 s
[INFO] Finished at: 2026-01-08T09:29:39+05:45
[INFO] ------------------------------------------------------------------------
[ERROR] Failed to execute goal org.apache.maven.plugins:maven-compiler-plugin:3.11.0:compile (default-compile) on project onlinecarrental: Compilation failure: Compilation failure: 
[ERROR] /C:/Users/gurur/OneDrive/Desktop/6thsemproject/onlinecarrental/backend/src/main/java/com/driverental/onlinecarrental/service/impl/RecommendationServiceImpl.java:[397,46] ')' or ',' expected
[ERROR] /C:/Users/gurur/OneDrive/Desktop/6thsemproject/onlinecarrental/backend/src/main/java/com/driverental/onlinecarrental/model/enums/FuelType.java:[357,1] illegal start of type
[ERROR] /C:/Users/gurur/OneDrive/Desktop/6thsemproject/onlinecarrental/backend/src/main/java/com/driverental/onlinecarrental/model/enums/FuelType.java:[357,63] <identifier> expected
[ERROR] -> [Help 1]
[ERROR] 
[ERROR] To see the full stack trace of the errors, re-run Maven with the -e switch.
[ERROR] Re-run Maven using the -X switch to enable full debug logging.
[ERROR] 
[ERROR] For more information about the errors and possible solutions, please read the following articles:
[ERROR] [Help 1] http://cwiki.apache.org/confluence/display/MAVEN/MojoFailureException
